Archive member included to satisfy reference by file (symbol)

c:/program files (x86)/atmel/studio/7.0/toolchain/avr8/avr8-gnu-toolchain/bin/../lib/gcc/avr/5.4.0/../../../../avr/lib/avr5\libm.a(fixunssfsi.o)
                              MCAl/Timers.o (__fixunssfsi)
c:/program files (x86)/atmel/studio/7.0/toolchain/avr8/avr8-gnu-toolchain/bin/../lib/gcc/avr/5.4.0/../../../../avr/lib/avr5\libm.a(floatsisf.o)
                              MCAl/Timers.o (__floatunsisf)
c:/program files (x86)/atmel/studio/7.0/toolchain/avr8/avr8-gnu-toolchain/bin/../lib/gcc/avr/5.4.0/../../../../avr/lib/avr5\libm.a(fp_split3.o)
                              c:/program files (x86)/atmel/studio/7.0/toolchain/avr8/avr8-gnu-toolchain/bin/../lib/gcc/avr/5.4.0/../../../../avr/lib/avr5\libm.a(fixunssfsi.o) (__fp_splitA)
c:/program files (x86)/atmel/studio/7.0/toolchain/avr8/avr8-gnu-toolchain/bin/../lib/gcc/avr/5.4.0/../../../../avr/lib/avr5\libm.a(fp_zero.o)
                              c:/program files (x86)/atmel/studio/7.0/toolchain/avr8/avr8-gnu-toolchain/bin/../lib/gcc/avr/5.4.0/../../../../avr/lib/avr5\libm.a(fixunssfsi.o) (__fp_zero)
c:/program files (x86)/atmel/studio/7.0/toolchain/avr8/avr8-gnu-toolchain/bin/../lib/gcc/avr/5.4.0/../../../../avr/lib/avr5\libm.a(mulsf3.o)
                              MCAl/Timers.o (__mulsf3)
c:/program files (x86)/atmel/studio/7.0/toolchain/avr8/avr8-gnu-toolchain/bin/../lib/gcc/avr/5.4.0/../../../../avr/lib/avr5\libm.a(mulsf3x.o)
                              c:/program files (x86)/atmel/studio/7.0/toolchain/avr8/avr8-gnu-toolchain/bin/../lib/gcc/avr/5.4.0/../../../../avr/lib/avr5\libm.a(mulsf3.o) (__mulsf3x)
c:/program files (x86)/atmel/studio/7.0/toolchain/avr8/avr8-gnu-toolchain/bin/../lib/gcc/avr/5.4.0/../../../../avr/lib/avr5\libm.a(fp_inf.o)
                              c:/program files (x86)/atmel/studio/7.0/toolchain/avr8/avr8-gnu-toolchain/bin/../lib/gcc/avr/5.4.0/../../../../avr/lib/avr5\libm.a(mulsf3x.o) (__fp_inf)
c:/program files (x86)/atmel/studio/7.0/toolchain/avr8/avr8-gnu-toolchain/bin/../lib/gcc/avr/5.4.0/../../../../avr/lib/avr5\libm.a(fp_nan.o)
                              c:/program files (x86)/atmel/studio/7.0/toolchain/avr8/avr8-gnu-toolchain/bin/../lib/gcc/avr/5.4.0/../../../../avr/lib/avr5\libm.a(mulsf3x.o) (__fp_nan)
c:/program files (x86)/atmel/studio/7.0/toolchain/avr8/avr8-gnu-toolchain/bin/../lib/gcc/avr/5.4.0/../../../../avr/lib/avr5\libm.a(fp_pscA.o)
                              c:/program files (x86)/atmel/studio/7.0/toolchain/avr8/avr8-gnu-toolchain/bin/../lib/gcc/avr/5.4.0/../../../../avr/lib/avr5\libm.a(mulsf3x.o) (__fp_pscA)
c:/program files (x86)/atmel/studio/7.0/toolchain/avr8/avr8-gnu-toolchain/bin/../lib/gcc/avr/5.4.0/../../../../avr/lib/avr5\libm.a(fp_pscB.o)
                              c:/program files (x86)/atmel/studio/7.0/toolchain/avr8/avr8-gnu-toolchain/bin/../lib/gcc/avr/5.4.0/../../../../avr/lib/avr5\libm.a(mulsf3x.o) (__fp_pscB)
c:/program files (x86)/atmel/studio/7.0/toolchain/avr8/avr8-gnu-toolchain/bin/../lib/gcc/avr/5.4.0/../../../../avr/lib/avr5\libm.a(fp_round.o)
                              c:/program files (x86)/atmel/studio/7.0/toolchain/avr8/avr8-gnu-toolchain/bin/../lib/gcc/avr/5.4.0/../../../../avr/lib/avr5\libm.a(mulsf3.o) (__fp_round)
c:/program files (x86)/atmel/studio/7.0/toolchain/avr8/avr8-gnu-toolchain/bin/../lib/gcc/avr/5.4.0/avr5\libgcc.a(_divmodhi4.o)
                              HAL/LCD_prog.o (__divmodhi4)
c:/program files (x86)/atmel/studio/7.0/toolchain/avr8/avr8-gnu-toolchain/bin/../lib/gcc/avr/5.4.0/avr5\libgcc.a(_divmodsi4.o)
                              HAL/LCD_prog.o (__divmodsi4)
c:/program files (x86)/atmel/studio/7.0/toolchain/avr8/avr8-gnu-toolchain/bin/../lib/gcc/avr/5.4.0/avr5\libgcc.a(_negsi2.o)
                              c:/program files (x86)/atmel/studio/7.0/toolchain/avr8/avr8-gnu-toolchain/bin/../lib/gcc/avr/5.4.0/avr5\libgcc.a(_divmodsi4.o) (__negsi2)
c:/program files (x86)/atmel/studio/7.0/toolchain/avr8/avr8-gnu-toolchain/bin/../lib/gcc/avr/5.4.0/avr5\libgcc.a(_exit.o)
                              C:/Program Files (x86)/Atmel/Studio/7.0/Packs/atmel/ATmega_DFP/1.7.374/gcc/dev/atmega32/avr5/crtatmega32.o (exit)
c:/program files (x86)/atmel/studio/7.0/toolchain/avr8/avr8-gnu-toolchain/bin/../lib/gcc/avr/5.4.0/avr5\libgcc.a(_tablejump2.o)
                              MCAl/Timers.o (__tablejump2__)
c:/program files (x86)/atmel/studio/7.0/toolchain/avr8/avr8-gnu-toolchain/bin/../lib/gcc/avr/5.4.0/avr5\libgcc.a(_copy_data.o)
                              App/Robot.o (__do_copy_data)
c:/program files (x86)/atmel/studio/7.0/toolchain/avr8/avr8-gnu-toolchain/bin/../lib/gcc/avr/5.4.0/avr5\libgcc.a(_clear_bss.o)
                              App/Robot.o (__do_clear_bss)
c:/program files (x86)/atmel/studio/7.0/toolchain/avr8/avr8-gnu-toolchain/bin/../lib/gcc/avr/5.4.0/avr5\libgcc.a(_udivmodhi4.o)
                              c:/program files (x86)/atmel/studio/7.0/toolchain/avr8/avr8-gnu-toolchain/bin/../lib/gcc/avr/5.4.0/avr5\libgcc.a(_divmodhi4.o) (__udivmodhi4)
c:/program files (x86)/atmel/studio/7.0/toolchain/avr8/avr8-gnu-toolchain/bin/../lib/gcc/avr/5.4.0/avr5\libgcc.a(_udivmodsi4.o)
                              c:/program files (x86)/atmel/studio/7.0/toolchain/avr8/avr8-gnu-toolchain/bin/../lib/gcc/avr/5.4.0/avr5\libgcc.a(_divmodsi4.o) (__udivmodsi4)

Allocating common symbols
Common symbol       size              file

UART_ReceiveBuffer  0x1               SERVICES/UART_Sevices.o
Re_FromUART         0x1               App/Robot.o

Discarded input sections

 .data          0x00000000        0x0 C:/Program Files (x86)/Atmel/Studio/7.0/Packs/atmel/ATmega_DFP/1.7.374/gcc/dev/atmega32/avr5/crtatmega32.o
 .bss           0x00000000        0x0 C:/Program Files (x86)/Atmel/Studio/7.0/Packs/atmel/ATmega_DFP/1.7.374/gcc/dev/atmega32/avr5/crtatmega32.o
 .text          0x00000000        0x0 App/Robot.o
 .data          0x00000000        0x0 App/Robot.o
 .bss           0x00000000        0x0 App/Robot.o
 COMMON         0x00000000        0x1 App/Robot.o
 .text          0x00000000        0x0 CFG/DIO_cfg.o
 .data          0x00000000        0x0 CFG/DIO_cfg.o
 .bss           0x00000000        0x0 CFG/DIO_cfg.o
 .text          0x00000000        0x0 HAL/LCD_prog.o
 .data          0x00000000        0x0 HAL/LCD_prog.o
 .bss           0x00000000        0x0 HAL/LCD_prog.o
 .text.LCD_WriteChar
                0x00000000        0x6 HAL/LCD_prog.o
 .text.LCD_WriteNumber
                0x00000000       0xc6 HAL/LCD_prog.o
 .text.LCD_WriteNumber4d
                0x00000000       0x9c HAL/LCD_prog.o
 .text.LCD_WriteBinary
                0x00000000       0x2e HAL/LCD_prog.o
 .text.LCD_WriteHex
                0x00000000       0x36 HAL/LCD_prog.o
 .text.LCD_Clear
                0x00000000       0x14 HAL/LCD_prog.o
 .text.LCD_WriteCGRAM
                0x00000000       0x4c HAL/LCD_prog.o
 .text.LCD_CallFromCGRAM
                0x00000000        0x6 HAL/LCD_prog.o
 .text.LCD_CGRAM_UPLOAD
                0x00000000       0x16 HAL/LCD_prog.o
 .data.CCharArr
                0x00000000       0x40 HAL/LCD_prog.o
 .text          0x00000000        0x0 HAL/Leds_prog.o
 .data          0x00000000        0x0 HAL/Leds_prog.o
 .bss           0x00000000        0x0 HAL/Leds_prog.o
 .text          0x00000000        0x0 HAL/Motor_Prog.o
 .data          0x00000000        0x0 HAL/Motor_Prog.o
 .bss           0x00000000        0x0 HAL/Motor_Prog.o
 .text.Motor_Back
                0x00000000       0x26 HAL/Motor_Prog.o
 .text          0x00000000        0x0 main.o
 .data          0x00000000        0x0 main.o
 .bss           0x00000000        0x0 main.o
 .text          0x00000000        0x0 MCAl/DIO_Prog.o
 .data          0x00000000        0x0 MCAl/DIO_Prog.o
 .bss           0x00000000        0x0 MCAl/DIO_Prog.o
 .text.DIO_ReadPin
                0x00000000       0x3a MCAl/DIO_Prog.o
 .text.DIO_TogglePin
                0x00000000       0x3c MCAl/DIO_Prog.o
 .text.DIO_WritePort
                0x00000000       0x30 MCAl/DIO_Prog.o
 .text.DIO_ReadPort
                0x00000000       0x2c MCAl/DIO_Prog.o
 .text          0x00000000        0x0 MCAl/Timers.o
 .data          0x00000000        0x0 MCAl/Timers.o
 .bss           0x00000000        0x0 MCAl/Timers.o
 .text.TIME_OF_FUN
                0x00000000       0x28 MCAl/Timers.o
 .text.TIMER0_Init
                0x00000000       0x54 MCAl/Timers.o
 .text.TIMER0_OC0Mode
                0x00000000       0x48 MCAl/Timers.o
 .text.TIMER0_OV_InterruptEnable
                0x00000000        0x8 MCAl/Timers.o
 .text.TIMER0_OV_InterruptDisable
                0x00000000        0x8 MCAl/Timers.o
 .text.TIMER0_OC_InterruptEnable
                0x00000000        0x8 MCAl/Timers.o
 .text.TIMER0_OC_InterruptDisable
                0x00000000        0x8 MCAl/Timers.o
 .text.TIMER0_OV_SetCallBack
                0x00000000        0xa MCAl/Timers.o
 .text.TIMER0_OC_SetCallBack
                0x00000000        0xa MCAl/Timers.o
 .text.Timer1_OCRB1Mode
                0x00000000       0x48 MCAl/Timers.o
 .text.Timer1_InputCaptureEdge
                0x00000000       0x18 MCAl/Timers.o
 .text.Timer1_ICU_InterruptEnable
                0x00000000        0x8 MCAl/Timers.o
 .text.Timer1_ICU_InterruptDisable
                0x00000000        0x8 MCAl/Timers.o
 .text.Timer1_OVF_InterruptEnable
                0x00000000        0x8 MCAl/Timers.o
 .text.Timer1_OVF_InterruptDisable
                0x00000000        0x8 MCAl/Timers.o
 .text.Timer1_OCA_InterruptEnable
                0x00000000        0x8 MCAl/Timers.o
 .text.Timer1_OCA_InterruptDisable
                0x00000000        0x8 MCAl/Timers.o
 .text.Timer1_OCB_InterruptEnable
                0x00000000        0x8 MCAl/Timers.o
 .text.Timer1_OCB_InterruptDisable
                0x00000000        0x8 MCAl/Timers.o
 .text.Timer1_OVF_SetCallBack
                0x00000000        0xa MCAl/Timers.o
 .text.Timer1_OCA_SetCallBack
                0x00000000        0xa MCAl/Timers.o
 .text.Timer1_OCB_SetCallBack
                0x00000000        0xa MCAl/Timers.o
 .text.Timer1_ICU_SetCallBack
                0x00000000        0xa MCAl/Timers.o
 .text          0x00000000        0x0 MCAl/UART_prog.o
 .data          0x00000000        0x0 MCAl/UART_prog.o
 .bss           0x00000000        0x0 MCAl/UART_prog.o
 .text.UART_FrameSetting
                0x00000000       0xb8 MCAl/UART_prog.o
 .text.UART_Send
                0x00000000        0x8 MCAl/UART_prog.o
 .text.UART_Receive
                0x00000000        0x8 MCAl/UART_prog.o
 .text.UART_ReceivePerodic
                0x00000000       0x16 MCAl/UART_prog.o
 .text.Double_BaudRate
                0x00000000        0x8 MCAl/UART_prog.o
 .text.UART_TRANSMIT_Disable
                0x00000000        0x8 MCAl/UART_prog.o
 .text.UART_RECEIVE_Disable
                0x00000000        0x8 MCAl/UART_prog.o
 .text.UART_SendNoBlock
                0x00000000        0x4 MCAl/UART_prog.o
 .text.UART_RX_InterruptDisable
                0x00000000        0x8 MCAl/UART_prog.o
 .text.UART_TX_InterruptEnable
                0x00000000        0x8 MCAl/UART_prog.o
 .text.UART_TX_InterruptDisable
                0x00000000        0x8 MCAl/UART_prog.o
 .text.UART_TX_SetCallBack
                0x00000000        0xa MCAl/UART_prog.o
 .text          0x00000000        0x0 SERVICES/PWM_Speed_prog.o
 .data          0x00000000        0x0 SERVICES/PWM_Speed_prog.o
 .bss           0x00000000        0x0 SERVICES/PWM_Speed_prog.o
 .text          0x00000000        0x0 SERVICES/UART_Sevices.o
 .data          0x00000000        0x0 SERVICES/UART_Sevices.o
 .bss           0x00000000        0x0 SERVICES/UART_Sevices.o
 .text          0x00000000        0x0 c:/program files (x86)/atmel/studio/7.0/toolchain/avr8/avr8-gnu-toolchain/bin/../lib/gcc/avr/5.4.0/../../../../avr/lib/avr5\libm.a(fixunssfsi.o)
 .data          0x00000000        0x0 c:/program files (x86)/atmel/studio/7.0/toolchain/avr8/avr8-gnu-toolchain/bin/../lib/gcc/avr/5.4.0/../../../../avr/lib/avr5\libm.a(fixunssfsi.o)
 .bss           0x00000000        0x0 c:/program files (x86)/atmel/studio/7.0/toolchain/avr8/avr8-gnu-toolchain/bin/../lib/gcc/avr/5.4.0/../../../../avr/lib/avr5\libm.a(fixunssfsi.o)
 .text          0x00000000        0x0 c:/program files (x86)/atmel/studio/7.0/toolchain/avr8/avr8-gnu-toolchain/bin/../lib/gcc/avr/5.4.0/../../../../avr/lib/avr5\libm.a(floatsisf.o)
 .data          0x00000000        0x0 c:/program files (x86)/atmel/studio/7.0/toolchain/avr8/avr8-gnu-toolchain/bin/../lib/gcc/avr/5.4.0/../../../../avr/lib/avr5\libm.a(floatsisf.o)
 .bss           0x00000000        0x0 c:/program files (x86)/atmel/studio/7.0/toolchain/avr8/avr8-gnu-toolchain/bin/../lib/gcc/avr/5.4.0/../../../../avr/lib/avr5\libm.a(floatsisf.o)
 .text          0x00000000        0x0 c:/program files (x86)/atmel/studio/7.0/toolchain/avr8/avr8-gnu-toolchain/bin/../lib/gcc/avr/5.4.0/../../../../avr/lib/avr5\libm.a(fp_split3.o)
 .data          0x00000000        0x0 c:/program files (x86)/atmel/studio/7.0/toolchain/avr8/avr8-gnu-toolchain/bin/../lib/gcc/avr/5.4.0/../../../../avr/lib/avr5\libm.a(fp_split3.o)
 .bss           0x00000000        0x0 c:/program files (x86)/atmel/studio/7.0/toolchain/avr8/avr8-gnu-toolchain/bin/../lib/gcc/avr/5.4.0/../../../../avr/lib/avr5\libm.a(fp_split3.o)
 .text          0x00000000        0x0 c:/program files (x86)/atmel/studio/7.0/toolchain/avr8/avr8-gnu-toolchain/bin/../lib/gcc/avr/5.4.0/../../../../avr/lib/avr5\libm.a(fp_zero.o)
 .data          0x00000000        0x0 c:/program files (x86)/atmel/studio/7.0/toolchain/avr8/avr8-gnu-toolchain/bin/../lib/gcc/avr/5.4.0/../../../../avr/lib/avr5\libm.a(fp_zero.o)
 .bss           0x00000000        0x0 c:/program files (x86)/atmel/studio/7.0/toolchain/avr8/avr8-gnu-toolchain/bin/../lib/gcc/avr/5.4.0/../../../../avr/lib/avr5\libm.a(fp_zero.o)
 .text          0x00000000        0x0 c:/program files (x86)/atmel/studio/7.0/toolchain/avr8/avr8-gnu-toolchain/bin/../lib/gcc/avr/5.4.0/../../../../avr/lib/avr5\libm.a(mulsf3.o)
 .data          0x00000000        0x0 c:/program files (x86)/atmel/studio/7.0/toolchain/avr8/avr8-gnu-toolchain/bin/../lib/gcc/avr/5.4.0/../../../../avr/lib/avr5\libm.a(mulsf3.o)
 .bss           0x00000000        0x0 c:/program files (x86)/atmel/studio/7.0/toolchain/avr8/avr8-gnu-toolchain/bin/../lib/gcc/avr/5.4.0/../../../../avr/lib/avr5\libm.a(mulsf3.o)
 .text          0x00000000        0x0 c:/program files (x86)/atmel/studio/7.0/toolchain/avr8/avr8-gnu-toolchain/bin/../lib/gcc/avr/5.4.0/../../../../avr/lib/avr5\libm.a(mulsf3x.o)
 .data          0x00000000        0x0 c:/program files (x86)/atmel/studio/7.0/toolchain/avr8/avr8-gnu-toolchain/bin/../lib/gcc/avr/5.4.0/../../../../avr/lib/avr5\libm.a(mulsf3x.o)
 .bss           0x00000000        0x0 c:/program files (x86)/atmel/studio/7.0/toolchain/avr8/avr8-gnu-toolchain/bin/../lib/gcc/avr/5.4.0/../../../../avr/lib/avr5\libm.a(mulsf3x.o)
 .text          0x00000000        0x0 c:/program files (x86)/atmel/studio/7.0/toolchain/avr8/avr8-gnu-toolchain/bin/../lib/gcc/avr/5.4.0/../../../../avr/lib/avr5\libm.a(fp_inf.o)
 .data          0x00000000        0x0 c:/program files (x86)/atmel/studio/7.0/toolchain/avr8/avr8-gnu-toolchain/bin/../lib/gcc/avr/5.4.0/../../../../avr/lib/avr5\libm.a(fp_inf.o)
 .bss           0x00000000        0x0 c:/program files (x86)/atmel/studio/7.0/toolchain/avr8/avr8-gnu-toolchain/bin/../lib/gcc/avr/5.4.0/../../../../avr/lib/avr5\libm.a(fp_inf.o)
 .text          0x00000000        0x0 c:/program files (x86)/atmel/studio/7.0/toolchain/avr8/avr8-gnu-toolchain/bin/../lib/gcc/avr/5.4.0/../../../../avr/lib/avr5\libm.a(fp_nan.o)
 .data          0x00000000        0x0 c:/program files (x86)/atmel/studio/7.0/toolchain/avr8/avr8-gnu-toolchain/bin/../lib/gcc/avr/5.4.0/../../../../avr/lib/avr5\libm.a(fp_nan.o)
 .bss           0x00000000        0x0 c:/program files (x86)/atmel/studio/7.0/toolchain/avr8/avr8-gnu-toolchain/bin/../lib/gcc/avr/5.4.0/../../../../avr/lib/avr5\libm.a(fp_nan.o)
 .text          0x00000000        0x0 c:/program files (x86)/atmel/studio/7.0/toolchain/avr8/avr8-gnu-toolchain/bin/../lib/gcc/avr/5.4.0/../../../../avr/lib/avr5\libm.a(fp_pscA.o)
 .data          0x00000000        0x0 c:/program files (x86)/atmel/studio/7.0/toolchain/avr8/avr8-gnu-toolchain/bin/../lib/gcc/avr/5.4.0/../../../../avr/lib/avr5\libm.a(fp_pscA.o)
 .bss           0x00000000        0x0 c:/program files (x86)/atmel/studio/7.0/toolchain/avr8/avr8-gnu-toolchain/bin/../lib/gcc/avr/5.4.0/../../../../avr/lib/avr5\libm.a(fp_pscA.o)
 .text          0x00000000        0x0 c:/program files (x86)/atmel/studio/7.0/toolchain/avr8/avr8-gnu-toolchain/bin/../lib/gcc/avr/5.4.0/../../../../avr/lib/avr5\libm.a(fp_pscB.o)
 .data          0x00000000        0x0 c:/program files (x86)/atmel/studio/7.0/toolchain/avr8/avr8-gnu-toolchain/bin/../lib/gcc/avr/5.4.0/../../../../avr/lib/avr5\libm.a(fp_pscB.o)
 .bss           0x00000000        0x0 c:/program files (x86)/atmel/studio/7.0/toolchain/avr8/avr8-gnu-toolchain/bin/../lib/gcc/avr/5.4.0/../../../../avr/lib/avr5\libm.a(fp_pscB.o)
 .text          0x00000000        0x0 c:/program files (x86)/atmel/studio/7.0/toolchain/avr8/avr8-gnu-toolchain/bin/../lib/gcc/avr/5.4.0/../../../../avr/lib/avr5\libm.a(fp_round.o)
 .data          0x00000000        0x0 c:/program files (x86)/atmel/studio/7.0/toolchain/avr8/avr8-gnu-toolchain/bin/../lib/gcc/avr/5.4.0/../../../../avr/lib/avr5\libm.a(fp_round.o)
 .bss           0x00000000        0x0 c:/program files (x86)/atmel/studio/7.0/toolchain/avr8/avr8-gnu-toolchain/bin/../lib/gcc/avr/5.4.0/../../../../avr/lib/avr5\libm.a(fp_round.o)
 .text          0x00000000        0x0 c:/program files (x86)/atmel/studio/7.0/toolchain/avr8/avr8-gnu-toolchain/bin/../lib/gcc/avr/5.4.0/avr5\libgcc.a(_divmodhi4.o)
 .data          0x00000000        0x0 c:/program files (x86)/atmel/studio/7.0/toolchain/avr8/avr8-gnu-toolchain/bin/../lib/gcc/avr/5.4.0/avr5\libgcc.a(_divmodhi4.o)
 .bss           0x00000000        0x0 c:/program files (x86)/atmel/studio/7.0/toolchain/avr8/avr8-gnu-toolchain/bin/../lib/gcc/avr/5.4.0/avr5\libgcc.a(_divmodhi4.o)
 .text.libgcc.mul
                0x00000000        0x0 c:/program files (x86)/atmel/studio/7.0/toolchain/avr8/avr8-gnu-toolchain/bin/../lib/gcc/avr/5.4.0/avr5\libgcc.a(_divmodhi4.o)
 .text.libgcc.div
                0x00000000       0x28 c:/program files (x86)/atmel/studio/7.0/toolchain/avr8/avr8-gnu-toolchain/bin/../lib/gcc/avr/5.4.0/avr5\libgcc.a(_divmodhi4.o)
 .text.libgcc   0x00000000        0x0 c:/program files (x86)/atmel/studio/7.0/toolchain/avr8/avr8-gnu-toolchain/bin/../lib/gcc/avr/5.4.0/avr5\libgcc.a(_divmodhi4.o)
 .text.libgcc.prologue
                0x00000000        0x0 c:/program files (x86)/atmel/studio/7.0/toolchain/avr8/avr8-gnu-toolchain/bin/../lib/gcc/avr/5.4.0/avr5\libgcc.a(_divmodhi4.o)
 .text.libgcc.builtins
                0x00000000        0x0 c:/program files (x86)/atmel/studio/7.0/toolchain/avr8/avr8-gnu-toolchain/bin/../lib/gcc/avr/5.4.0/avr5\libgcc.a(_divmodhi4.o)
 .text.libgcc.fmul
                0x00000000        0x0 c:/program files (x86)/atmel/studio/7.0/toolchain/avr8/avr8-gnu-toolchain/bin/../lib/gcc/avr/5.4.0/avr5\libgcc.a(_divmodhi4.o)
 .text.libgcc.fixed
                0x00000000        0x0 c:/program files (x86)/atmel/studio/7.0/toolchain/avr8/avr8-gnu-toolchain/bin/../lib/gcc/avr/5.4.0/avr5\libgcc.a(_divmodhi4.o)
 .text          0x00000000        0x0 c:/program files (x86)/atmel/studio/7.0/toolchain/avr8/avr8-gnu-toolchain/bin/../lib/gcc/avr/5.4.0/avr5\libgcc.a(_divmodsi4.o)
 .data          0x00000000        0x0 c:/program files (x86)/atmel/studio/7.0/toolchain/avr8/avr8-gnu-toolchain/bin/../lib/gcc/avr/5.4.0/avr5\libgcc.a(_divmodsi4.o)
 .bss           0x00000000        0x0 c:/program files (x86)/atmel/studio/7.0/toolchain/avr8/avr8-gnu-toolchain/bin/../lib/gcc/avr/5.4.0/avr5\libgcc.a(_divmodsi4.o)
 .text.libgcc.mul
                0x00000000        0x0 c:/program files (x86)/atmel/studio/7.0/toolchain/avr8/avr8-gnu-toolchain/bin/../lib/gcc/avr/5.4.0/avr5\libgcc.a(_divmodsi4.o)
 .text.libgcc.div
                0x00000000       0x2e c:/program files (x86)/atmel/studio/7.0/toolchain/avr8/avr8-gnu-toolchain/bin/../lib/gcc/avr/5.4.0/avr5\libgcc.a(_divmodsi4.o)
 .text.libgcc   0x00000000        0x0 c:/program files (x86)/atmel/studio/7.0/toolchain/avr8/avr8-gnu-toolchain/bin/../lib/gcc/avr/5.4.0/avr5\libgcc.a(_divmodsi4.o)
 .text.libgcc.prologue
                0x00000000        0x0 c:/program files (x86)/atmel/studio/7.0/toolchain/avr8/avr8-gnu-toolchain/bin/../lib/gcc/avr/5.4.0/avr5\libgcc.a(_divmodsi4.o)
 .text.libgcc.builtins
                0x00000000        0x0 c:/program files (x86)/atmel/studio/7.0/toolchain/avr8/avr8-gnu-toolchain/bin/../lib/gcc/avr/5.4.0/avr5\libgcc.a(_divmodsi4.o)
 .text.libgcc.fmul
                0x00000000        0x0 c:/program files (x86)/atmel/studio/7.0/toolchain/avr8/avr8-gnu-toolchain/bin/../lib/gcc/avr/5.4.0/avr5\libgcc.a(_divmodsi4.o)
 .text.libgcc.fixed
                0x00000000        0x0 c:/program files (x86)/atmel/studio/7.0/toolchain/avr8/avr8-gnu-toolchain/bin/../lib/gcc/avr/5.4.0/avr5\libgcc.a(_divmodsi4.o)
 .text          0x00000000        0x0 c:/program files (x86)/atmel/studio/7.0/toolchain/avr8/avr8-gnu-toolchain/bin/../lib/gcc/avr/5.4.0/avr5\libgcc.a(_negsi2.o)
 .data          0x00000000        0x0 c:/program files (x86)/atmel/studio/7.0/toolchain/avr8/avr8-gnu-toolchain/bin/../lib/gcc/avr/5.4.0/avr5\libgcc.a(_negsi2.o)
 .bss           0x00000000        0x0 c:/program files (x86)/atmel/studio/7.0/toolchain/avr8/avr8-gnu-toolchain/bin/../lib/gcc/avr/5.4.0/avr5\libgcc.a(_negsi2.o)
 .text.libgcc.mul
                0x00000000        0x0 c:/program files (x86)/atmel/studio/7.0/toolchain/avr8/avr8-gnu-toolchain/bin/../lib/gcc/avr/5.4.0/avr5\libgcc.a(_negsi2.o)
 .text.libgcc.div
                0x00000000       0x10 c:/program files (x86)/atmel/studio/7.0/toolchain/avr8/avr8-gnu-toolchain/bin/../lib/gcc/avr/5.4.0/avr5\libgcc.a(_negsi2.o)
 .text.libgcc   0x00000000        0x0 c:/program files (x86)/atmel/studio/7.0/toolchain/avr8/avr8-gnu-toolchain/bin/../lib/gcc/avr/5.4.0/avr5\libgcc.a(_negsi2.o)
 .text.libgcc.prologue
                0x00000000        0x0 c:/program files (x86)/atmel/studio/7.0/toolchain/avr8/avr8-gnu-toolchain/bin/../lib/gcc/avr/5.4.0/avr5\libgcc.a(_negsi2.o)
 .text.libgcc.builtins
                0x00000000        0x0 c:/program files (x86)/atmel/studio/7.0/toolchain/avr8/avr8-gnu-toolchain/bin/../lib/gcc/avr/5.4.0/avr5\libgcc.a(_negsi2.o)
 .text.libgcc.fmul
                0x00000000        0x0 c:/program files (x86)/atmel/studio/7.0/toolchain/avr8/avr8-gnu-toolchain/bin/../lib/gcc/avr/5.4.0/avr5\libgcc.a(_negsi2.o)
 .text.libgcc.fixed
                0x00000000        0x0 c:/program files (x86)/atmel/studio/7.0/toolchain/avr8/avr8-gnu-toolchain/bin/../lib/gcc/avr/5.4.0/avr5\libgcc.a(_negsi2.o)
 .text          0x00000000        0x0 c:/program files (x86)/atmel/studio/7.0/toolchain/avr8/avr8-gnu-toolchain/bin/../lib/gcc/avr/5.4.0/avr5\libgcc.a(_exit.o)
 .data          0x00000000        0x0 c:/program files (x86)/atmel/studio/7.0/toolchain/avr8/avr8-gnu-toolchain/bin/../lib/gcc/avr/5.4.0/avr5\libgcc.a(_exit.o)
 .bss           0x00000000        0x0 c:/program files (x86)/atmel/studio/7.0/toolchain/avr8/avr8-gnu-toolchain/bin/../lib/gcc/avr/5.4.0/avr5\libgcc.a(_exit.o)
 .text.libgcc.mul
                0x00000000        0x0 c:/program files (x86)/atmel/studio/7.0/toolchain/avr8/avr8-gnu-toolchain/bin/../lib/gcc/avr/5.4.0/avr5\libgcc.a(_exit.o)
 .text.libgcc.div
                0x00000000        0x0 c:/program files (x86)/atmel/studio/7.0/toolchain/avr8/avr8-gnu-toolchain/bin/../lib/gcc/avr/5.4.0/avr5\libgcc.a(_exit.o)
 .text.libgcc   0x00000000        0x0 c:/program files (x86)/atmel/studio/7.0/toolchain/avr8/avr8-gnu-toolchain/bin/../lib/gcc/avr/5.4.0/avr5\libgcc.a(_exit.o)
 .text.libgcc.prologue
                0x00000000        0x0 c:/program files (x86)/atmel/studio/7.0/toolchain/avr8/avr8-gnu-toolchain/bin/../lib/gcc/avr/5.4.0/avr5\libgcc.a(_exit.o)
 .text.libgcc.builtins
                0x00000000        0x0 c:/program files (x86)/atmel/studio/7.0/toolchain/avr8/avr8-gnu-toolchain/bin/../lib/gcc/avr/5.4.0/avr5\libgcc.a(_exit.o)
 .text.libgcc.fmul
                0x00000000        0x0 c:/program files (x86)/atmel/studio/7.0/toolchain/avr8/avr8-gnu-toolchain/bin/../lib/gcc/avr/5.4.0/avr5\libgcc.a(_exit.o)
 .text.libgcc.fixed
                0x00000000        0x0 c:/program files (x86)/atmel/studio/7.0/toolchain/avr8/avr8-gnu-toolchain/bin/../lib/gcc/avr/5.4.0/avr5\libgcc.a(_exit.o)
 .text          0x00000000        0x0 c:/program files (x86)/atmel/studio/7.0/toolchain/avr8/avr8-gnu-toolchain/bin/../lib/gcc/avr/5.4.0/avr5\libgcc.a(_tablejump2.o)
 .data          0x00000000        0x0 c:/program files (x86)/atmel/studio/7.0/toolchain/avr8/avr8-gnu-toolchain/bin/../lib/gcc/avr/5.4.0/avr5\libgcc.a(_tablejump2.o)
 .bss           0x00000000        0x0 c:/program files (x86)/atmel/studio/7.0/toolchain/avr8/avr8-gnu-toolchain/bin/../lib/gcc/avr/5.4.0/avr5\libgcc.a(_tablejump2.o)
 .text.libgcc.mul
                0x00000000        0x0 c:/program files (x86)/atmel/studio/7.0/toolchain/avr8/avr8-gnu-toolchain/bin/../lib/gcc/avr/5.4.0/avr5\libgcc.a(_tablejump2.o)
 .text.libgcc.div
                0x00000000        0x0 c:/program files (x86)/atmel/studio/7.0/toolchain/avr8/avr8-gnu-toolchain/bin/../lib/gcc/avr/5.4.0/avr5\libgcc.a(_tablejump2.o)
 .text.libgcc.prologue
                0x00000000        0x0 c:/program files (x86)/atmel/studio/7.0/toolchain/avr8/avr8-gnu-toolchain/bin/../lib/gcc/avr/5.4.0/avr5\libgcc.a(_tablejump2.o)
 .text.libgcc.builtins
                0x00000000        0x0 c:/program files (x86)/atmel/studio/7.0/toolchain/avr8/avr8-gnu-toolchain/bin/../lib/gcc/avr/5.4.0/avr5\libgcc.a(_tablejump2.o)
 .text.libgcc.fmul
                0x00000000        0x0 c:/program files (x86)/atmel/studio/7.0/toolchain/avr8/avr8-gnu-toolchain/bin/../lib/gcc/avr/5.4.0/avr5\libgcc.a(_tablejump2.o)
 .text.libgcc.fixed
                0x00000000        0x0 c:/program files (x86)/atmel/studio/7.0/toolchain/avr8/avr8-gnu-toolchain/bin/../lib/gcc/avr/5.4.0/avr5\libgcc.a(_tablejump2.o)
 .text          0x00000000        0x0 c:/program files (x86)/atmel/studio/7.0/toolchain/avr8/avr8-gnu-toolchain/bin/../lib/gcc/avr/5.4.0/avr5\libgcc.a(_copy_data.o)
 .data          0x00000000        0x0 c:/program files (x86)/atmel/studio/7.0/toolchain/avr8/avr8-gnu-toolchain/bin/../lib/gcc/avr/5.4.0/avr5\libgcc.a(_copy_data.o)
 .bss           0x00000000        0x0 c:/program files (x86)/atmel/studio/7.0/toolchain/avr8/avr8-gnu-toolchain/bin/../lib/gcc/avr/5.4.0/avr5\libgcc.a(_copy_data.o)
 .text.libgcc.mul
                0x00000000        0x0 c:/program files (x86)/atmel/studio/7.0/toolchain/avr8/avr8-gnu-toolchain/bin/../lib/gcc/avr/5.4.0/avr5\libgcc.a(_copy_data.o)
 .text.libgcc.div
                0x00000000        0x0 c:/program files (x86)/atmel/studio/7.0/toolchain/avr8/avr8-gnu-toolchain/bin/../lib/gcc/avr/5.4.0/avr5\libgcc.a(_copy_data.o)
 .text.libgcc   0x00000000        0x0 c:/program files (x86)/atmel/studio/7.0/toolchain/avr8/avr8-gnu-toolchain/bin/../lib/gcc/avr/5.4.0/avr5\libgcc.a(_copy_data.o)
 .text.libgcc.prologue
                0x00000000        0x0 c:/program files (x86)/atmel/studio/7.0/toolchain/avr8/avr8-gnu-toolchain/bin/../lib/gcc/avr/5.4.0/avr5\libgcc.a(_copy_data.o)
 .text.libgcc.builtins
                0x00000000        0x0 c:/program files (x86)/atmel/studio/7.0/toolchain/avr8/avr8-gnu-toolchain/bin/../lib/gcc/avr/5.4.0/avr5\libgcc.a(_copy_data.o)
 .text.libgcc.fmul
                0x00000000        0x0 c:/program files (x86)/atmel/studio/7.0/toolchain/avr8/avr8-gnu-toolchain/bin/../lib/gcc/avr/5.4.0/avr5\libgcc.a(_copy_data.o)
 .text.libgcc.fixed
                0x00000000        0x0 c:/program files (x86)/atmel/studio/7.0/toolchain/avr8/avr8-gnu-toolchain/bin/../lib/gcc/avr/5.4.0/avr5\libgcc.a(_copy_data.o)
 .text          0x00000000        0x0 c:/program files (x86)/atmel/studio/7.0/toolchain/avr8/avr8-gnu-toolchain/bin/../lib/gcc/avr/5.4.0/avr5\libgcc.a(_clear_bss.o)
 .data          0x00000000        0x0 c:/program files (x86)/atmel/studio/7.0/toolchain/avr8/avr8-gnu-toolchain/bin/../lib/gcc/avr/5.4.0/avr5\libgcc.a(_clear_bss.o)
 .bss           0x00000000        0x0 c:/program files (x86)/atmel/studio/7.0/toolchain/avr8/avr8-gnu-toolchain/bin/../lib/gcc/avr/5.4.0/avr5\libgcc.a(_clear_bss.o)
 .text.libgcc.mul
                0x00000000        0x0 c:/program files (x86)/atmel/studio/7.0/toolchain/avr8/avr8-gnu-toolchain/bin/../lib/gcc/avr/5.4.0/avr5\libgcc.a(_clear_bss.o)
 .text.libgcc.div
                0x00000000        0x0 c:/program files (x86)/atmel/studio/7.0/toolchain/avr8/avr8-gnu-toolchain/bin/../lib/gcc/avr/5.4.0/avr5\libgcc.a(_clear_bss.o)
 .text.libgcc   0x00000000        0x0 c:/program files (x86)/atmel/studio/7.0/toolchain/avr8/avr8-gnu-toolchain/bin/../lib/gcc/avr/5.4.0/avr5\libgcc.a(_clear_bss.o)
 .text.libgcc.prologue
                0x00000000        0x0 c:/program files (x86)/atmel/studio/7.0/toolchain/avr8/avr8-gnu-toolchain/bin/../lib/gcc/avr/5.4.0/avr5\libgcc.a(_clear_bss.o)
 .text.libgcc.builtins
                0x00000000        0x0 c:/program files (x86)/atmel/studio/7.0/toolchain/avr8/avr8-gnu-toolchain/bin/../lib/gcc/avr/5.4.0/avr5\libgcc.a(_clear_bss.o)
 .text.libgcc.fmul
                0x00000000        0x0 c:/program files (x86)/atmel/studio/7.0/toolchain/avr8/avr8-gnu-toolchain/bin/../lib/gcc/avr/5.4.0/avr5\libgcc.a(_clear_bss.o)
 .text.libgcc.fixed
                0x00000000        0x0 c:/program files (x86)/atmel/studio/7.0/toolchain/avr8/avr8-gnu-toolchain/bin/../lib/gcc/avr/5.4.0/avr5\libgcc.a(_clear_bss.o)
 .text          0x00000000        0x0 c:/program files (x86)/atmel/studio/7.0/toolchain/avr8/avr8-gnu-toolchain/bin/../lib/gcc/avr/5.4.0/avr5\libgcc.a(_udivmodhi4.o)
 .data          0x00000000        0x0 c:/program files (x86)/atmel/studio/7.0/toolchain/avr8/avr8-gnu-toolchain/bin/../lib/gcc/avr/5.4.0/avr5\libgcc.a(_udivmodhi4.o)
 .bss           0x00000000        0x0 c:/program files (x86)/atmel/studio/7.0/toolchain/avr8/avr8-gnu-toolchain/bin/../lib/gcc/avr/5.4.0/avr5\libgcc.a(_udivmodhi4.o)
 .text.libgcc.mul
                0x00000000        0x0 c:/program files (x86)/atmel/studio/7.0/toolchain/avr8/avr8-gnu-toolchain/bin/../lib/gcc/avr/5.4.0/avr5\libgcc.a(_udivmodhi4.o)
 .text.libgcc.div
                0x00000000       0x28 c:/program files (x86)/atmel/studio/7.0/toolchain/avr8/avr8-gnu-toolchain/bin/../lib/gcc/avr/5.4.0/avr5\libgcc.a(_udivmodhi4.o)
 .text.libgcc   0x00000000        0x0 c:/program files (x86)/atmel/studio/7.0/toolchain/avr8/avr8-gnu-toolchain/bin/../lib/gcc/avr/5.4.0/avr5\libgcc.a(_udivmodhi4.o)
 .text.libgcc.prologue
                0x00000000        0x0 c:/program files (x86)/atmel/studio/7.0/toolchain/avr8/avr8-gnu-toolchain/bin/../lib/gcc/avr/5.4.0/avr5\libgcc.a(_udivmodhi4.o)
 .text.libgcc.builtins
                0x00000000        0x0 c:/program files (x86)/atmel/studio/7.0/toolchain/avr8/avr8-gnu-toolchain/bin/../lib/gcc/avr/5.4.0/avr5\libgcc.a(_udivmodhi4.o)
 .text.libgcc.fmul
                0x00000000        0x0 c:/program files (x86)/atmel/studio/7.0/toolchain/avr8/avr8-gnu-toolchain/bin/../lib/gcc/avr/5.4.0/avr5\libgcc.a(_udivmodhi4.o)
 .text.libgcc.fixed
                0x00000000        0x0 c:/program files (x86)/atmel/studio/7.0/toolchain/avr8/avr8-gnu-toolchain/bin/../lib/gcc/avr/5.4.0/avr5\libgcc.a(_udivmodhi4.o)
 .text          0x00000000        0x0 c:/program files (x86)/atmel/studio/7.0/toolchain/avr8/avr8-gnu-toolchain/bin/../lib/gcc/avr/5.4.0/avr5\libgcc.a(_udivmodsi4.o)
 .data          0x00000000        0x0 c:/program files (x86)/atmel/studio/7.0/toolchain/avr8/avr8-gnu-toolchain/bin/../lib/gcc/avr/5.4.0/avr5\libgcc.a(_udivmodsi4.o)
 .bss           0x00000000        0x0 c:/program files (x86)/atmel/studio/7.0/toolchain/avr8/avr8-gnu-toolchain/bin/../lib/gcc/avr/5.4.0/avr5\libgcc.a(_udivmodsi4.o)
 .text.libgcc.mul
                0x00000000        0x0 c:/program files (x86)/atmel/studio/7.0/toolchain/avr8/avr8-gnu-toolchain/bin/../lib/gcc/avr/5.4.0/avr5\libgcc.a(_udivmodsi4.o)
 .text.libgcc.div
                0x00000000       0x44 c:/program files (x86)/atmel/studio/7.0/toolchain/avr8/avr8-gnu-toolchain/bin/../lib/gcc/avr/5.4.0/avr5\libgcc.a(_udivmodsi4.o)
 .text.libgcc   0x00000000        0x0 c:/program files (x86)/atmel/studio/7.0/toolchain/avr8/avr8-gnu-toolchain/bin/../lib/gcc/avr/5.4.0/avr5\libgcc.a(_udivmodsi4.o)
 .text.libgcc.prologue
                0x00000000        0x0 c:/program files (x86)/atmel/studio/7.0/toolchain/avr8/avr8-gnu-toolchain/bin/../lib/gcc/avr/5.4.0/avr5\libgcc.a(_udivmodsi4.o)
 .text.libgcc.builtins
                0x00000000        0x0 c:/program files (x86)/atmel/studio/7.0/toolchain/avr8/avr8-gnu-toolchain/bin/../lib/gcc/avr/5.4.0/avr5\libgcc.a(_udivmodsi4.o)
 .text.libgcc.fmul
                0x00000000        0x0 c:/program files (x86)/atmel/studio/7.0/toolchain/avr8/avr8-gnu-toolchain/bin/../lib/gcc/avr/5.4.0/avr5\libgcc.a(_udivmodsi4.o)
 .text.libgcc.fixed
                0x00000000        0x0 c:/program files (x86)/atmel/studio/7.0/toolchain/avr8/avr8-gnu-toolchain/bin/../lib/gcc/avr/5.4.0/avr5\libgcc.a(_udivmodsi4.o)

Memory Configuration

Name             Origin             Length             Attributes
text             0x00000000         0x00008000         xr
data             0x00800060         0x00000800         rw !x
eeprom           0x00810000         0x00000400         rw !x
fuse             0x00820000         0x00000002         rw !x
lock             0x00830000         0x00000400         rw !x
signature        0x00840000         0x00000400         rw !x
user_signatures  0x00850000         0x00000400         rw !x
*default*        0x00000000         0xffffffff

Linker script and memory map

LOAD C:/Program Files (x86)/Atmel/Studio/7.0/Packs/atmel/ATmega_DFP/1.7.374/gcc/dev/atmega32/avr5/crtatmega32.o
LOAD App/Robot.o
LOAD CFG/DIO_cfg.o
LOAD HAL/LCD_prog.o
LOAD HAL/Leds_prog.o
LOAD HAL/Motor_Prog.o
LOAD main.o
LOAD MCAl/DIO_Prog.o
LOAD MCAl/Timers.o
LOAD MCAl/UART_prog.o
LOAD SERVICES/PWM_Speed_prog.o
LOAD SERVICES/UART_Sevices.o
START GROUP
LOAD c:/program files (x86)/atmel/studio/7.0/toolchain/avr8/avr8-gnu-toolchain/bin/../lib/gcc/avr/5.4.0/../../../../avr/lib/avr5\libm.a
END GROUP
START GROUP
LOAD c:/program files (x86)/atmel/studio/7.0/toolchain/avr8/avr8-gnu-toolchain/bin/../lib/gcc/avr/5.4.0/avr5\libgcc.a
LOAD c:/program files (x86)/atmel/studio/7.0/toolchain/avr8/avr8-gnu-toolchain/bin/../lib/gcc/avr/5.4.0/../../../../avr/lib/avr5\libm.a
LOAD c:/program files (x86)/atmel/studio/7.0/toolchain/avr8/avr8-gnu-toolchain/bin/../lib/gcc/avr/5.4.0/../../../../avr/lib/avr5\libc.a
LOAD C:/Program Files (x86)/Atmel/Studio/7.0/Packs/atmel/ATmega_DFP/1.7.374/gcc/dev/atmega32/avr5\libatmega32.a
END GROUP
                0x00000000                __TEXT_REGION_ORIGIN__ = DEFINED (__TEXT_REGION_ORIGIN__)?__TEXT_REGION_ORIGIN__:0x0
                [0x00800060]                __DATA_REGION_ORIGIN__ = DEFINED (__DATA_REGION_ORIGIN__)?__DATA_REGION_ORIGIN__:0x800060
                [0x00008000]                __TEXT_REGION_LENGTH__ = DEFINED (__TEXT_REGION_LENGTH__)?__TEXT_REGION_LENGTH__:0x20000
                [0x00000800]                __DATA_REGION_LENGTH__ = DEFINED (__DATA_REGION_LENGTH__)?__DATA_REGION_LENGTH__:0xffa0
                [0x00000400]                __EEPROM_REGION_LENGTH__ = DEFINED (__EEPROM_REGION_LENGTH__)?__EEPROM_REGION_LENGTH__:0x10000
                [0x00000002]                __FUSE_REGION_LENGTH__ = DEFINED (__FUSE_REGION_LENGTH__)?__FUSE_REGION_LENGTH__:0x400
                0x00000400                __LOCK_REGION_LENGTH__ = DEFINED (__LOCK_REGION_LENGTH__)?__LOCK_REGION_LENGTH__:0x400
                0x00000400                __SIGNATURE_REGION_LENGTH__ = DEFINED (__SIGNATURE_REGION_LENGTH__)?__SIGNATURE_REGION_LENGTH__:0x400
                0x00000400                __USER_SIGNATURE_REGION_LENGTH__ = DEFINED (__USER_SIGNATURE_REGION_LENGTH__)?__USER_SIGNATURE_REGION_LENGTH__:0x400

.hash
 *(.hash)

.dynsym
 *(.dynsym)

.dynstr
 *(.dynstr)

.gnu.version
 *(.gnu.version)

.gnu.version_d
 *(.gnu.version_d)

.gnu.version_r
 *(.gnu.version_r)

.rel.init
 *(.rel.init)

.rela.init
 *(.rela.init)

.rel.text
 *(.rel.text)
 *(.rel.text.*)
 *(.rel.gnu.linkonce.t*)

.rela.text
 *(.rela.text)
 *(.rela.text.*)
 *(.rela.gnu.linkonce.t*)

.rel.fini
 *(.rel.fini)

.rela.fini
 *(.rela.fini)

.rel.rodata
 *(.rel.rodata)
 *(.rel.rodata.*)
 *(.rel.gnu.linkonce.r*)

.rela.rodata
 *(.rela.rodata)
 *(.rela.rodata.*)
 *(.rela.gnu.linkonce.r*)

.rel.data
 *(.rel.data)
 *(.rel.data.*)
 *(.rel.gnu.linkonce.d*)

.rela.data
 *(.rela.data)
 *(.rela.data.*)
 *(.rela.gnu.linkonce.d*)

.rel.ctors
 *(.rel.ctors)

.rela.ctors
 *(.rela.ctors)

.rel.dtors
 *(.rel.dtors)

.rela.dtors
 *(.rela.dtors)

.rel.got
 *(.rel.got)

.rela.got
 *(.rela.got)

.rel.bss
 *(.rel.bss)

.rela.bss
 *(.rela.bss)

.rel.plt
 *(.rel.plt)

.rela.plt
 *(.rela.plt)

.text           0x00000000      0xeae
 *(.vectors)
 .vectors       0x00000000       0x54 C:/Program Files (x86)/Atmel/Studio/7.0/Packs/atmel/ATmega_DFP/1.7.374/gcc/dev/atmega32/avr5/crtatmega32.o
                0x00000000                __vector_default
                0x00000000                __vectors
 *(.vectors)
 *(.progmem.gcc*)
 .progmem.gcc_sw_table.Timer1_Init
                0x00000054        0xe MCAl/Timers.o
                0x00000062                . = ALIGN (0x2)
                0x00000062                __trampolines_start = .
 *(.trampolines)
 .trampolines   0x00000062        0x0 linker stubs
 *(.trampolines*)
                0x00000062                __trampolines_end = .
 *libprintf_flt.a:*(.progmem.data)
 *libc.a:*(.progmem.data)
 *(.progmem*)
                0x00000062                . = ALIGN (0x2)
 *(.jumptables)
 *(.jumptables*)
 *(.lowtext)
 *(.lowtext*)
                0x00000062                __ctors_start = .
 *(.ctors)
                0x00000062                __ctors_end = .
                0x00000062                __dtors_start = .
 *(.dtors)
                0x00000062                __dtors_end = .
 SORT(*)(.ctors)
 SORT(*)(.dtors)
 *(.init0)
 .init0         0x00000062        0x0 C:/Program Files (x86)/Atmel/Studio/7.0/Packs/atmel/ATmega_DFP/1.7.374/gcc/dev/atmega32/avr5/crtatmega32.o
                0x00000062                __init
 *(.init0)
 *(.init1)
 *(.init1)
 *(.init2)
 .init2         0x00000062        0xc C:/Program Files (x86)/Atmel/Studio/7.0/Packs/atmel/ATmega_DFP/1.7.374/gcc/dev/atmega32/avr5/crtatmega32.o
 *(.init2)
 *(.init3)
 *(.init3)
 *(.init4)
 .init4         0x0000006e       0x16 c:/program files (x86)/atmel/studio/7.0/toolchain/avr8/avr8-gnu-toolchain/bin/../lib/gcc/avr/5.4.0/avr5\libgcc.a(_copy_data.o)
                0x0000006e                __do_copy_data
 .init4         0x00000084       0x10 c:/program files (x86)/atmel/studio/7.0/toolchain/avr8/avr8-gnu-toolchain/bin/../lib/gcc/avr/5.4.0/avr5\libgcc.a(_clear_bss.o)
                0x00000084                __do_clear_bss
 *(.init4)
 *(.init5)
 *(.init5)
 *(.init6)
 *(.init6)
 *(.init7)
 *(.init7)
 *(.init8)
 *(.init8)
 *(.init9)
 .init9         0x00000094        0x8 C:/Program Files (x86)/Atmel/Studio/7.0/Packs/atmel/ATmega_DFP/1.7.374/gcc/dev/atmega32/avr5/crtatmega32.o
 *(.init9)
 *(.text)
 .text          0x0000009c        0x4 C:/Program Files (x86)/Atmel/Studio/7.0/Packs/atmel/ATmega_DFP/1.7.374/gcc/dev/atmega32/avr5/crtatmega32.o
                0x0000009c                __vector_1
                0x0000009c                __vector_12
                0x0000009c                __bad_interrupt
                0x0000009c                __vector_3
                0x0000009c                __vector_17
                0x0000009c                __vector_19
                0x0000009c                __vector_5
                0x0000009c                __vector_4
                0x0000009c                __vector_2
                0x0000009c                __vector_14
                0x0000009c                __vector_16
                0x0000009c                __vector_18
                0x0000009c                __vector_20
                0x000000a0                . = ALIGN (0x2)
 *(.text.*)
 .text.Error    0x000000a0       0x20 App/Robot.o
                0x000000a0                Error
 .text.Compare_Task
                0x000000c0       0x4c App/Robot.o
                0x000000c0                Compare_Task
 .text.writeIns
                0x0000010c       0xc0 HAL/LCD_prog.o
 .text.writeData
                0x000001cc       0xc0 HAL/LCD_prog.o
 .text.LCD_Init
                0x0000028c       0x3e HAL/LCD_prog.o
                0x0000028c                LCD_Init
 .text.LCD_SetCursor
                0x000002ca       0x28 HAL/LCD_prog.o
                0x000002ca                LCD_SetCursor
 .text.LCD_WriteString
                0x000002f2       0x26 HAL/LCD_prog.o
                0x000002f2                LCD_WriteString
 .text.Leds_ON  0x00000318       0x12 HAL/Leds_prog.o
                0x00000318                Leds_ON
 .text.Leds_Off
                0x0000032a       0x12 HAL/Leds_prog.o
                0x0000032a                Leds_Off
 .text.Motor_Front
                0x0000033c       0x26 HAL/Motor_Prog.o
                0x0000033c                Motor_Front
 .text.CAR_Right
                0x00000362       0x1e HAL/Motor_Prog.o
                0x00000362                CAR_Right
 .text.CAR_Left
                0x00000380       0x1e HAL/Motor_Prog.o
                0x00000380                CAR_Left
 .text.CAR_FRONT
                0x0000039e       0x44 HAL/Motor_Prog.o
                0x0000039e                CAR_FRONT
 .text.CAR_BACK
                0x000003e2       0x44 HAL/Motor_Prog.o
                0x000003e2                CAR_BACK
 .text.Motor_Stop
                0x00000426       0x44 HAL/Motor_Prog.o
                0x00000426                Motor_Stop
 .text.main     0x0000046a       0x56 main.o
                0x0000046a                main
 .text.DIO_InitPin
                0x000004c0      0x116 MCAl/DIO_Prog.o
                0x000004c0                DIO_InitPin
 .text.DIO_Init
                0x000005d6       0x20 MCAl/DIO_Prog.o
                0x000005d6                DIO_Init
 .text.DIO_WritePin
                0x000005f6       0x7c MCAl/DIO_Prog.o
                0x000005f6                DIO_WritePin
 .text.__vector_11
                0x00000672       0x52 MCAl/Timers.o
                0x00000672                __vector_11
 .text.__vector_10
                0x000006c4       0x52 MCAl/Timers.o
                0x000006c4                __vector_10
 .text.Timer1_Init
                0x00000716       0xd6 MCAl/Timers.o
                0x00000716                Timer1_Init
 .text.Timer1_OCRA1Mode
                0x000007ec       0x48 MCAl/Timers.o
                0x000007ec                Timer1_OCRA1Mode
 .text.__vector_9
                0x00000834       0x52 MCAl/Timers.o
                0x00000834                __vector_9
 .text.__vector_7
                0x00000886       0x52 MCAl/Timers.o
                0x00000886                __vector_7
 .text.__vector_8
                0x000008d8       0x52 MCAl/Timers.o
                0x000008d8                __vector_8
 .text.__vector_6
                0x0000092a       0x52 MCAl/Timers.o
                0x0000092a                __vector_6
 .text.Normal_BaudRate
                0x0000097c        0x8 MCAl/UART_prog.o
                0x0000097c                Normal_BaudRate
 .text.UART_TRANSMIT_Enable
                0x00000984        0x8 MCAl/UART_prog.o
                0x00000984                UART_TRANSMIT_Enable
 .text.UART_RECEIVE_Enable
                0x0000098c        0x8 MCAl/UART_prog.o
                0x0000098c                UART_RECEIVE_Enable
 .text.UART_Init
                0x00000994       0x12 MCAl/UART_prog.o
                0x00000994                UART_Init
 .text.UART_ReceiveNoBlock
                0x000009a6        0x4 MCAl/UART_prog.o
                0x000009a6                UART_ReceiveNoBlock
 .text.UART_RX_InterruptEnable
                0x000009aa        0x8 MCAl/UART_prog.o
                0x000009aa                UART_RX_InterruptEnable
 .text.UART_RX_SetCallBack
                0x000009b2        0xa MCAl/UART_prog.o
                0x000009b2                UART_RX_SetCallBack
 .text.__vector_13
                0x000009bc       0x52 MCAl/UART_prog.o
                0x000009bc                __vector_13
 .text.__vector_15
                0x00000a0e       0x52 MCAl/UART_prog.o
                0x00000a0e                __vector_15
 .text.Speed_20
                0x00000a60       0x32 SERVICES/PWM_Speed_prog.o
                0x00000a60                Speed_20
 .text.Speed_30
                0x00000a92       0x32 SERVICES/PWM_Speed_prog.o
                0x00000a92                Speed_30
 .text.Speed_40
                0x00000ac4       0x32 SERVICES/PWM_Speed_prog.o
                0x00000ac4                Speed_40
 .text.Speed_50
                0x00000af6       0x32 SERVICES/PWM_Speed_prog.o
                0x00000af6                Speed_50
 .text.Max_valueOFSpeed
                0x00000b28       0x12 SERVICES/PWM_Speed_prog.o
                0x00000b28                Max_valueOFSpeed
 .text.Speed_60
                0x00000b3a       0x32 SERVICES/PWM_Speed_prog.o
                0x00000b3a                Speed_60
 .text.Speed_70
                0x00000b6c       0x32 SERVICES/PWM_Speed_prog.o
                0x00000b6c                Speed_70
 .text.Speed_80
                0x00000b9e       0x32 SERVICES/PWM_Speed_prog.o
                0x00000b9e                Speed_80
 .text.Speed_90
                0x00000bd0       0x32 SERVICES/PWM_Speed_prog.o
                0x00000bd0                Speed_90
 .text.Speed_100
                0x00000c02       0x1a SERVICES/PWM_Speed_prog.o
                0x00000c02                Speed_100
 .text.RX_Func  0x00000c1c       0x10 SERVICES/UART_Sevices.o
                0x00000c1c                RX_Func
 .text.UART_InterruptServiceInit
                0x00000c2c        0xe SERVICES/UART_Sevices.o
                0x00000c2c                UART_InterruptServiceInit
 .text.UART_ReceiveStringAshync
                0x00000c3a        0x6 SERVICES/UART_Sevices.o
                0x00000c3a                UART_ReceiveStringAshync
 .text.UART_GetRXFlag
                0x00000c40        0xa SERVICES/UART_Sevices.o
                0x00000c40                UART_GetRXFlag
 .text.avr-libc.fplib
                0x00000c4a       0x5e c:/program files (x86)/atmel/studio/7.0/toolchain/avr8/avr8-gnu-toolchain/bin/../lib/gcc/avr/5.4.0/../../../../avr/lib/avr5\libm.a(fixunssfsi.o)
                0x00000c4a                __fixunssfsi
 .text.avr-libc.fplib
                0x00000ca8       0x7a c:/program files (x86)/atmel/studio/7.0/toolchain/avr8/avr8-gnu-toolchain/bin/../lib/gcc/avr/5.4.0/../../../../avr/lib/avr5\libm.a(floatsisf.o)
                0x00000ca8                __floatunsisf
                0x00000cac                __floatsisf
 .text.avr-libc.fplib
                0x00000d22       0x44 c:/program files (x86)/atmel/studio/7.0/toolchain/avr8/avr8-gnu-toolchain/bin/../lib/gcc/avr/5.4.0/../../../../avr/lib/avr5\libm.a(fp_split3.o)
                0x00000d22                __fp_split3
                0x00000d32                __fp_splitA
 .text.avr-libc.fplib
                0x00000d66        0xe c:/program files (x86)/atmel/studio/7.0/toolchain/avr8/avr8-gnu-toolchain/bin/../lib/gcc/avr/5.4.0/../../../../avr/lib/avr5\libm.a(fp_zero.o)
                0x00000d66                __fp_zero
                0x00000d68                __fp_szero
 .text.avr-libc.fplib
                0x00000d74        0x8 c:/program files (x86)/atmel/studio/7.0/toolchain/avr8/avr8-gnu-toolchain/bin/../lib/gcc/avr/5.4.0/../../../../avr/lib/avr5\libm.a(mulsf3.o)
                0x00000d74                __mulsf3
 .text.avr-libc.fplib
                0x00000d7c       0xd2 c:/program files (x86)/atmel/studio/7.0/toolchain/avr8/avr8-gnu-toolchain/bin/../lib/gcc/avr/5.4.0/../../../../avr/lib/avr5\libm.a(mulsf3x.o)
                0x00000d9a                __mulsf3x
                0x00000da0                __mulsf3_pse
 .text.avr-libc.fplib
                0x00000e4e        0xc c:/program files (x86)/atmel/studio/7.0/toolchain/avr8/avr8-gnu-toolchain/bin/../lib/gcc/avr/5.4.0/../../../../avr/lib/avr5\libm.a(fp_inf.o)
                0x00000e4e                __fp_inf
 .text.avr-libc.fplib
                0x00000e5a        0x6 c:/program files (x86)/atmel/studio/7.0/toolchain/avr8/avr8-gnu-toolchain/bin/../lib/gcc/avr/5.4.0/../../../../avr/lib/avr5\libm.a(fp_nan.o)
                0x00000e5a                __fp_nan
 .text.avr-libc.fplib
                0x00000e60        0xe c:/program files (x86)/atmel/studio/7.0/toolchain/avr8/avr8-gnu-toolchain/bin/../lib/gcc/avr/5.4.0/../../../../avr/lib/avr5\libm.a(fp_pscA.o)
                0x00000e60                __fp_pscA
 .text.avr-libc.fplib
                0x00000e6e        0xe c:/program files (x86)/atmel/studio/7.0/toolchain/avr8/avr8-gnu-toolchain/bin/../lib/gcc/avr/5.4.0/../../../../avr/lib/avr5\libm.a(fp_pscB.o)
                0x00000e6e                __fp_pscB
 .text.avr-libc.fplib
                0x00000e7c       0x22 c:/program files (x86)/atmel/studio/7.0/toolchain/avr8/avr8-gnu-toolchain/bin/../lib/gcc/avr/5.4.0/../../../../avr/lib/avr5\libm.a(fp_round.o)
                0x00000e7c                __fp_round
 .text.libgcc   0x00000e9e        0xc c:/program files (x86)/atmel/studio/7.0/toolchain/avr8/avr8-gnu-toolchain/bin/../lib/gcc/avr/5.4.0/avr5\libgcc.a(_tablejump2.o)
                0x00000e9e                __tablejump2__
                0x00000eaa                . = ALIGN (0x2)
 *(.fini9)
 .fini9         0x00000eaa        0x0 c:/program files (x86)/atmel/studio/7.0/toolchain/avr8/avr8-gnu-toolchain/bin/../lib/gcc/avr/5.4.0/avr5\libgcc.a(_exit.o)
                0x00000eaa                _exit
                0x00000eaa                exit
 *(.fini9)
 *(.fini8)
 *(.fini8)
 *(.fini7)
 *(.fini7)
 *(.fini6)
 *(.fini6)
 *(.fini5)
 *(.fini5)
 *(.fini4)
 *(.fini4)
 *(.fini3)
 *(.fini3)
 *(.fini2)
 *(.fini2)
 *(.fini1)
 *(.fini1)
 *(.fini0)
 .fini0         0x00000eaa        0x4 c:/program files (x86)/atmel/studio/7.0/toolchain/avr8/avr8-gnu-toolchain/bin/../lib/gcc/avr/5.4.0/avr5\libgcc.a(_exit.o)
 *(.fini0)
                0x00000eae                _etext = .

.data           0x00800060       0xec load address 0x00000eae
                0x00800060                PROVIDE (__data_start, .)
 *(.data)
 *(.data*)
 .data.Arr_Tasks
                0x00800060       0x2d App/Robot.o
                0x00800060                Arr_Tasks
 .data.Arr_Leds
                0x0080008d        0x3 HAL/Leds_prog.o
                0x0080008d                Arr_Leds
 .data.MotorArr
                0x00800090        0x8 HAL/Motor_Prog.o
                0x00800090                MotorArr
 .data.RegArr   0x00800098       0x18 MCAl/DIO_Prog.o
                0x00800098                RegArr
 *(.gnu.linkonce.d*)
 *(.rodata)
 *(.rodata*)
 .rodata.PinsStatusArr
                0x008000b0       0x20 CFG/DIO_cfg.o
                0x008000b0                PinsStatusArr
 .rodata.str1.1
                0x008000d0       0x39 HAL/Motor_Prog.o
 .rodata.str1.1
                0x00800109       0x12 main.o
                                 0x1d (size before relaxing)
 .rodata.str1.1
                0x0080011b       0x31 SERVICES/PWM_Speed_prog.o
                                 0x37 (size before relaxing)
 *(.gnu.linkonce.r*)
                0x0080014c                . = ALIGN (0x2)
                0x0080014c                _edata = .
                0x0080014c                PROVIDE (__data_end, .)

.bss            0x0080014c       0x12
                0x0080014c                PROVIDE (__bss_start, .)
 *(.bss)
 *(.bss*)
 .bss.Timer1_ICU_Fptr
                0x0080014c        0x2 MCAl/Timers.o
 .bss.Timer1_OCB_Fptr
                0x0080014e        0x2 MCAl/Timers.o
 .bss.Timer1_OCA_Fptr
                0x00800150        0x2 MCAl/Timers.o
 .bss.Timer1_OVF_Fptr
                0x00800152        0x2 MCAl/Timers.o
 .bss.Timer0_OCF_Fptr
                0x00800154        0x2 MCAl/Timers.o
 .bss.Timer0_OVF_Fptr
                0x00800156        0x2 MCAl/Timers.o
 .bss.UART_TX_Fptr
                0x00800158        0x2 MCAl/UART_prog.o
 .bss.UART_RX_Fptr
                0x0080015a        0x2 MCAl/UART_prog.o
 .bss.RX_Flag   0x0080015c        0x1 SERVICES/UART_Sevices.o
                0x0080015c                RX_Flag
 *(COMMON)
 COMMON         0x0080015d        0x1 SERVICES/UART_Sevices.o
                0x0080015d                UART_ReceiveBuffer
                0x0080015e                PROVIDE (__bss_end, .)
                0x00000eae                __data_load_start = LOADADDR (.data)
                0x00000f9a                __data_load_end = (__data_load_start + SIZEOF (.data))

.noinit         0x0080015e        0x0
                [!provide]                PROVIDE (__noinit_start, .)
 *(.noinit*)
                [!provide]                PROVIDE (__noinit_end, .)
                0x0080015e                _end = .
                [!provide]                PROVIDE (__heap_start, .)

.eeprom         0x00810000        0x0
 *(.eeprom*)
                0x00810000                __eeprom_end = .

.fuse
 *(.fuse)
 *(.lfuse)
 *(.hfuse)
 *(.efuse)

.lock
 *(.lock*)

.signature
 *(.signature*)

.user_signatures
 *(.user_signatures*)

.stab
 *(.stab)

.stabstr
 *(.stabstr)

.stab.excl
 *(.stab.excl)

.stab.exclstr
 *(.stab.exclstr)

.stab.index
 *(.stab.index)

.stab.indexstr
 *(.stab.indexstr)

.comment        0x00000000       0x30
 *(.comment)
 .comment       0x00000000       0x30 App/Robot.o
                                 0x31 (size before relaxing)
 .comment       0x00000030       0x31 CFG/DIO_cfg.o
 .comment       0x00000030       0x31 HAL/LCD_prog.o
 .comment       0x00000030       0x31 HAL/Leds_prog.o
 .comment       0x00000030       0x31 HAL/Motor_Prog.o
 .comment       0x00000030       0x31 main.o
 .comment       0x00000030       0x31 MCAl/DIO_Prog.o
 .comment       0x00000030       0x31 MCAl/Timers.o
 .comment       0x00000030       0x31 MCAl/UART_prog.o
 .comment       0x00000030       0x31 SERVICES/PWM_Speed_prog.o
 .comment       0x00000030       0x31 SERVICES/UART_Sevices.o

.note.gnu.avr.deviceinfo
                0x00000000       0x3c
 .note.gnu.avr.deviceinfo
                0x00000000       0x3c C:/Program Files (x86)/Atmel/Studio/7.0/Packs/atmel/ATmega_DFP/1.7.374/gcc/dev/atmega32/avr5/crtatmega32.o

.note.gnu.build-id
 *(.note.gnu.build-id)

.debug
 *(.debug)

.line
 *(.line)

.debug_srcinfo
 *(.debug_srcinfo)

.debug_sfnames
 *(.debug_sfnames)

.debug_aranges  0x00000000      0x420
 *(.debug_aranges)
 .debug_aranges
                0x00000000       0x28 App/Robot.o
 .debug_aranges
                0x00000028       0x18 CFG/DIO_cfg.o
 .debug_aranges
                0x00000040       0x88 HAL/LCD_prog.o
 .debug_aranges
                0x000000c8       0x28 HAL/Leds_prog.o
 .debug_aranges
                0x000000f0       0x50 HAL/Motor_Prog.o
 .debug_aranges
                0x00000140       0x20 main.o
 .debug_aranges
                0x00000160       0x50 MCAl/DIO_Prog.o
 .debug_aranges
                0x000001b0      0x110 MCAl/Timers.o
 .debug_aranges
                0x000002c0       0xc0 MCAl/UART_prog.o
 .debug_aranges
                0x00000380       0x68 SERVICES/PWM_Speed_prog.o
 .debug_aranges
                0x000003e8       0x38 SERVICES/UART_Sevices.o

.debug_pubnames
 *(.debug_pubnames)

.debug_info     0x00000000     0x331c
 *(.debug_info .gnu.linkonce.wi.*)
 .debug_info    0x00000000      0x4e6 C:/Program Files (x86)/Atmel/Studio/7.0/Packs/atmel/ATmega_DFP/1.7.374/gcc/dev/atmega32/avr5/crtatmega32.o
 .debug_info    0x000004e6      0x236 App/Robot.o
 .debug_info    0x0000071c      0x17f CFG/DIO_cfg.o
 .debug_info    0x0000089b      0xcce HAL/LCD_prog.o
 .debug_info    0x00001569      0x22d HAL/Leds_prog.o
 .debug_info    0x00001796      0x51a HAL/Motor_Prog.o
 .debug_info    0x00001cb0      0x2ea main.o
 .debug_info    0x00001f9a      0x413 MCAl/DIO_Prog.o
 .debug_info    0x000023ad      0x6bc MCAl/Timers.o
 .debug_info    0x00002a69      0x3d2 MCAl/UART_prog.o
 .debug_info    0x00002e3b      0x37d SERVICES/PWM_Speed_prog.o
 .debug_info    0x000031b8      0x164 SERVICES/UART_Sevices.o

.debug_abbrev   0x00000000     0x1143
 *(.debug_abbrev)
 .debug_abbrev  0x00000000      0x4a3 C:/Program Files (x86)/Atmel/Studio/7.0/Packs/atmel/ATmega_DFP/1.7.374/gcc/dev/atmega32/avr5/crtatmega32.o
 .debug_abbrev  0x000004a3      0x1be App/Robot.o
 .debug_abbrev  0x00000661       0x6a CFG/DIO_cfg.o
 .debug_abbrev  0x000006cb      0x24c HAL/LCD_prog.o
 .debug_abbrev  0x00000917       0xd8 HAL/Leds_prog.o
 .debug_abbrev  0x000009ef      0x119 HAL/Motor_Prog.o
 .debug_abbrev  0x00000b08       0xb5 main.o
 .debug_abbrev  0x00000bbd      0x168 MCAl/DIO_Prog.o
 .debug_abbrev  0x00000d25      0x15e MCAl/Timers.o
 .debug_abbrev  0x00000e83      0x12a MCAl/UART_prog.o
 .debug_abbrev  0x00000fad       0xbb SERVICES/PWM_Speed_prog.o
 .debug_abbrev  0x00001068       0xdb SERVICES/UART_Sevices.o

.debug_line     0x00000000     0x1979
 *(.debug_line .debug_line.* .debug_line_end)
 .debug_line    0x00000000      0x116 C:/Program Files (x86)/Atmel/Studio/7.0/Packs/atmel/ATmega_DFP/1.7.374/gcc/dev/atmega32/avr5/crtatmega32.o
 .debug_line    0x00000116      0x1ab App/Robot.o
 .debug_line    0x000002c1       0x4a CFG/DIO_cfg.o
 .debug_line    0x0000030b      0x569 HAL/LCD_prog.o
 .debug_line    0x00000874       0x9c HAL/Leds_prog.o
 .debug_line    0x00000910      0x20b HAL/Motor_Prog.o
 .debug_line    0x00000b1b      0x12f main.o
 .debug_line    0x00000c4a      0x21e MCAl/DIO_Prog.o
 .debug_line    0x00000e68      0x56b MCAl/Timers.o
 .debug_line    0x000013d3      0x2e8 MCAl/UART_prog.o
 .debug_line    0x000016bb      0x1d1 SERVICES/PWM_Speed_prog.o
 .debug_line    0x0000188c       0xed SERVICES/UART_Sevices.o

.debug_frame    0x00000000      0xa28
 *(.debug_frame)
 .debug_frame   0x00000000       0x34 App/Robot.o
 .debug_frame   0x00000034      0x188 HAL/LCD_prog.o
 .debug_frame   0x000001bc       0x34 HAL/Leds_prog.o
 .debug_frame   0x000001f0       0xcc HAL/Motor_Prog.o
 .debug_frame   0x000002bc       0x24 main.o
 .debug_frame   0x000002e0       0x98 MCAl/DIO_Prog.o
 .debug_frame   0x00000378      0x3b4 MCAl/Timers.o
 .debug_frame   0x0000072c      0x1f4 MCAl/UART_prog.o
 .debug_frame   0x00000920       0xb4 SERVICES/PWM_Speed_prog.o
 .debug_frame   0x000009d4       0x54 SERVICES/UART_Sevices.o

.debug_str      0x00000000     0x1158
 *(.debug_str)
 .debug_str     0x00000000      0x196 C:/Program Files (x86)/Atmel/Studio/7.0/Packs/atmel/ATmega_DFP/1.7.374/gcc/dev/atmega32/avr5/crtatmega32.o
 .debug_str     0x00000196      0x1eb App/Robot.o
                                0x224 (size before relaxing)
 .debug_str     0x00000381      0x10f CFG/DIO_cfg.o
                                0x252 (size before relaxing)
 .debug_str     0x00000490      0x18d HAL/LCD_prog.o
                                0x422 (size before relaxing)
 .debug_str     0x0000061d       0x22 HAL/Leds_prog.o
                                0x260 (size before relaxing)
 .debug_str     0x0000063f       0x91 HAL/Motor_Prog.o
                                0x2eb (size before relaxing)
 .debug_str     0x000006d0      0x20b main.o
                                0x3d0 (size before relaxing)
 .debug_str     0x000008db       0x9c MCAl/DIO_Prog.o
                                0x302 (size before relaxing)
 .debug_str     0x00000977      0x4ec MCAl/Timers.o
                                0x7ce (size before relaxing)
 .debug_str     0x00000e63      0x248 MCAl/UART_prog.o
                                0x3ac (size before relaxing)
 .debug_str     0x000010ab       0x6f SERVICES/PWM_Speed_prog.o
                                0x1fd (size before relaxing)
 .debug_str     0x0000111a       0x3e SERVICES/UART_Sevices.o
                                0x203 (size before relaxing)

.debug_loc      0x00000000     0x1a77
 *(.debug_loc)
 .debug_loc     0x00000000       0xcd App/Robot.o
 .debug_loc     0x000000cd      0x95e HAL/LCD_prog.o
 .debug_loc     0x00000a2b       0x42 HAL/Leds_prog.o
 .debug_loc     0x00000a6d      0x1b1 HAL/Motor_Prog.o
 .debug_loc     0x00000c1e       0x1f main.o
 .debug_loc     0x00000c3d      0x417 MCAl/DIO_Prog.o
 .debug_loc     0x00001054      0x82b MCAl/Timers.o
 .debug_loc     0x0000187f      0x1f8 MCAl/UART_prog.o

.debug_macinfo
 *(.debug_macinfo)

.debug_weaknames
 *(.debug_weaknames)

.debug_funcnames
 *(.debug_funcnames)

.debug_typenames
 *(.debug_typenames)

.debug_varnames
 *(.debug_varnames)

.debug_pubtypes
 *(.debug_pubtypes)

.debug_ranges   0x00000000      0x368
 *(.debug_ranges)
 .debug_ranges  0x00000000       0x18 App/Robot.o
 .debug_ranges  0x00000018       0x78 HAL/LCD_prog.o
 .debug_ranges  0x00000090       0x18 HAL/Leds_prog.o
 .debug_ranges  0x000000a8       0x40 HAL/Motor_Prog.o
 .debug_ranges  0x000000e8       0x10 main.o
 .debug_ranges  0x000000f8       0x40 MCAl/DIO_Prog.o
 .debug_ranges  0x00000138      0x100 MCAl/Timers.o
 .debug_ranges  0x00000238       0xb0 MCAl/UART_prog.o
 .debug_ranges  0x000002e8       0x58 SERVICES/PWM_Speed_prog.o
 .debug_ranges  0x00000340       0x28 SERVICES/UART_Sevices.o

.debug_macro
 *(.debug_macro)
OUTPUT(Grade_Project_1.elf elf32-avr)
LOAD linker stubs
